---
source: tests/e2e/cases/rpc_snap.rs
expression: response
---
null
