---
source: tests/e2e/cases/rpc_snap.rs
expression: response
---
{
  "status": "[status]",
  "version": "[version]",
  "quote_signer": "[quote_signer]"
}
