---
source: tests/e2e/cases/rpc_snap.rs
expression: contact_unverified_email
---
{
  "email": "emailonly@example.com"
}
