---
source: tests/e2e/cases/rpc_snap.rs
expression: response
---
{
  "valid": true,
  "proof": {
    "account": "0xa023ba34fe23ad51d00515a68657e232ab6a1297",
    "keyHash": "0xf377756284e290a571b9f06981121207a3fd7e9970e1473fe9e553c16a804f68",
    "initPreCall": {
      "eoa": "0xa023ba34fe23ad51d00515a68657e232ab6a1297",
      "executionData": "0x00000000000000000000000000000000000000000000000000000000000000200000000000000000000000000000000000000000000000000000000000000001000000000000000000000000000000000000000000000000000000000000002000000000000000000000000000000000000000000000000000000000000000000000000000000000000000000000000000000000000000000000000000000000000000000000000000000000000000000000000000000000000000000000006000000000000000000000000000000000000000000000000000000000000000e4cebfe3360000000000000000000000000000000000000000000000000000000000000020000000000000000000000000000000000000000000000000000000000000000000000000000000000000000000000000000000000000000000000000000000020000000000000000000000000000000000000000000000000000000000000001000000000000000000000000000000000000000000000000000000000000008000000000000000000000000000000000000000000000000000000000000000200000000000000000000000001409e2aad496505095defaaa2baff67c65168e6500000000000000000000000000000000000000000000000000000000",
      "nonce": "[nonce]",
      "signature": "[signature]"
    }
  }
}
