---
source: tests/e2e/cases/rpc_snap.rs
expression: status_email_only
---
{
  "email": "[email_timestamp]"
}
