---
source: tests/e2e/cases/rpc_snap.rs
expression: contact_response
---
{
  "email": "test@example.com",
  "phone": "+1234567890"
}
