---
source: tests/e2e/cases/fee_payer.rs
expression: response_value
---
{
  "capabilities": {
    "assetDiffs": "[assetDiffs]",
    "authorizeKeys": [],
    "feePayerDigest": "[feePayerDigest]",
    "feeTotals": "[feeTotals]",
    "revokeKeys": []
  },
  "context": {
    "quote": {
      "feePayerQuote": {
        "additionalAuthorization": null,
        "authorizationAddress": "[authorizationAddress]",
        "chainId": "[chainId]",
        "ethPrice": "0xde0b6b3a7640000",
        "extraPayment": "[extraPayment]",
        "feeTokenDeficit": "0x0",
        "intent": {
          "combinedGas": "[combinedGas]",
          "encodedFundTransfers": [],
          "encodedPreCalls": [
            "[encodedPreCall]"
          ],
          "eoa": "[eoa]",
          "executionData": "[executionData]",
          "expiry": "0x0",
          "funder": "0x0000000000000000000000000000000000000000",
          "funderSignature": "0x",
          "isMultichain": false,
          "nonce": "[nonce]",
          "payer": "0x0000000000000000000000000000000000000000",
          "paymentAmount": "[paymentAmount]",
          "paymentMaxAmount": "[paymentMaxAmount]",
          "paymentRecipient": "0x0000000000000000000000000000000000000000",
          "paymentSignature": "0x",
          "paymentToken": "[paymentToken]",
          "settler": "0x0000000000000000000000000000000000000000",
          "settlerContext": "0x",
          "signature": "0x",
          "supportedAccountImplementation": "[supportedAccountImplementation]"
        },
        "nativeFeeEstimate": {
          "maxFeePerGas": "[maxFeePerGas]",
          "maxPriorityFeePerGas": "[maxPriorityFeePerGas]"
        },
        "orchestrator": "[orchestrator]",
        "paymentTokenDecimals": "[paymentTokenDecimals]",
        "txGas": "[txGas]"
      },
      "hash": "[hash]",
      "multiChainRoot": "[multiChainRoot]",
      "quotes": [
        {
          "additionalAuthorization": null,
          "authorizationAddress": null,
          "chainId": "[chainId]",
          "ethPrice": "0xde0b6b3a7640000",
          "extraPayment": "[extraPayment]",
          "feeTokenDeficit": "0x0",
          "intent": {
            "combinedGas": "[combinedGas]",
            "encodedFundTransfers": [],
            "encodedPreCalls": [],
            "eoa": "0xa023ba34fe23ad51d00515a68657e232ab6a1297",
            "executionData": "[executionData]",
            "expiry": "0x0",
            "funder": "[funder]",
            "funderSignature": "0x",
            "isMultichain": true,
            "nonce": "[nonce]",
            "payer": "[payer]",
            "paymentAmount": "[paymentAmount]",
            "paymentMaxAmount": "[paymentMaxAmount]",
            "paymentRecipient": "0x0000000000000000000000000000000000000000",
            "paymentSignature": "0x",
            "paymentToken": "[paymentToken]",
            "settler": "0x0000000000000000000000000000000000000000",
            "settlerContext": "0x",
            "signature": "0x",
            "supportedAccountImplementation": "[supportedAccountImplementation]"
          },
          "nativeFeeEstimate": {
            "maxFeePerGas": "[maxFeePerGas]",
            "maxPriorityFeePerGas": "[maxPriorityFeePerGas]"
          },
          "orchestrator": "[orchestrator]",
          "paymentTokenDecimals": "[paymentTokenDecimals]",
          "txGas": "[txGas]"
        },
        {
          "additionalAuthorization": null,
          "authorizationAddress": "0x29a79095352a718b3d7fe84e1f14e9f34a35598e",
          "chainId": "[chainId]",
          "ethPrice": "0xde0b6b3a7640000",
          "extraPayment": "[extraPayment]",
          "feeTokenDeficit": "0x0",
          "intent": {
            "combinedGas": "[combinedGas]",
            "encodedFundTransfers": [
              "0x000000000000000000000000ed1db453c3156ff3155a97ad217b3087d5dc5f6e0000000000000000000000000000000000000000000000000000000000000064"
            ],
            "encodedPreCalls": [
              "[encodedPreCall]"
            ],
            "eoa": "0xa023ba34fe23ad51d00515a68657e232ab6a1297",
            "executionData": "[executionData]",
            "expiry": "0x0",
            "funder": "[funder]",
            "funderSignature": "0x",
            "isMultichain": true,
            "nonce": "[nonce]",
            "payer": "[payer]",
            "paymentAmount": "[paymentAmount]",
            "paymentMaxAmount": "[paymentMaxAmount]",
            "paymentRecipient": "0x0000000000000000000000000000000000000000",
            "paymentSignature": "0x",
            "paymentToken": "[paymentToken]",
            "settler": "0x917d31589198d61b6be2aa2ee03965cf5102380c",
            "settlerContext": "0x000000000000000000000000000000000000000000000000000000000000002000000000000000000000000000000000000000000000000000000000000000010000000000000000000000000000000000000000000000000000000000000065",
            "signature": "0x",
            "supportedAccountImplementation": "[supportedAccountImplementation]"
          },
          "nativeFeeEstimate": {
            "maxFeePerGas": "[maxFeePerGas]",
            "maxPriorityFeePerGas": "[maxPriorityFeePerGas]"
          },
          "orchestrator": "[orchestrator]",
          "paymentTokenDecimals": "[paymentTokenDecimals]",
          "txGas": "[txGas]"
        }
      ],
      "r": "[r]",
      "s": "[s]",
      "ttl": "[ttl]",
      "v": "[v]",
      "yParity": "[yParity]"
    }
  },
  "digest": "[digest]",
  "key": {
    "prehash": false,
    "publicKey": "[publicKey]",
    "type": "secp256k1"
  },
  "signature": "[signature]",
  "typedData": {
    "domain": {},
    "message": {
      "combinedGas": "[combinedGas]",
      "encodedFundTransfers": [
        "[encodedFundTransfer]"
      ],
      "encodedPreCalls": [
        "[encodedPreCall]"
      ],
      "eoa": "0xa023ba34fe23ad51d00515a68657e232ab6a1297",
      "executionData": "[executionData]",
      "expiry": "0x0",
      "funder": "[funder]",
      "funderSignature": "0x",
      "isMultichain": true,
      "nonce": "[nonce]",
      "payer": "0x0000000000000000000000000000000000000000",
      "paymentAmount": "[paymentAmount]",
      "paymentMaxAmount": "0x0",
      "paymentRecipient": "0x0000000000000000000000000000000000000000",
      "paymentSignature": "0x",
      "paymentToken": "[paymentToken]",
      "settler": "[settler]",
      "settlerContext": "0x000000000000000000000000000000000000000000000000000000000000002000000000000000000000000000000000000000000000000000000000000000010000000000000000000000000000000000000000000000000000000000000065",
      "signature": "0x",
      "supportedAccountImplementation": "0xb19b36b1456e65e3a6d514d3f715f204bd59f431"
    },
    "primaryType": "IntentV05",
    "types": {
      "EIP712Domain": [],
      "IntentV05": [
        {
          "name": "eoa",
          "type": "address"
        },
        {
          "name": "executionData",
          "type": "bytes"
        },
        {
          "name": "nonce",
          "type": "uint256"
        },
        {
          "name": "payer",
          "type": "address"
        },
        {
          "name": "paymentToken",
          "type": "address"
        },
        {
          "name": "paymentMaxAmount",
          "type": "uint256"
        },
        {
          "name": "combinedGas",
          "type": "uint256"
        },
        {
          "name": "encodedPreCalls",
          "type": "bytes[]"
        },
        {
          "name": "encodedFundTransfers",
          "type": "bytes[]"
        },
        {
          "name": "settler",
          "type": "address"
        },
        {
          "name": "expiry",
          "type": "uint256"
        },
        {
          "name": "isMultichain",
          "type": "bool"
        },
        {
          "name": "funder",
          "type": "address"
        },
        {
          "name": "funderSignature",
          "type": "bytes"
        },
        {
          "name": "settlerContext",
          "type": "bytes"
        },
        {
          "name": "paymentAmount",
          "type": "uint256"
        },
        {
          "name": "paymentRecipient",
          "type": "address"
        },
        {
          "name": "signature",
          "type": "bytes"
        },
        {
          "name": "paymentSignature",
          "type": "bytes"
        },
        {
          "name": "supportedAccountImplementation",
          "type": "address"
        }
      ]
    }
  }
}
