---
source: tests/e2e/cases/rpc_snap.rs
expression: status_response
---
{
  "email": "[email_timestamp]",
  "phone": "[phone_timestamp]"
}
