---
source: tests/e2e/cases/rpc_snap.rs
expression: response
---
{
  "chainId": "0x7a69",
  "context": {
    "address": "0xa023ba34fe23ad51d00515a68657e232ab6a1297",
    "chainId": "0x7a69",
    "authorization": {
      "chainId": "0x0",
      "address": "0x29a79095352a718b3d7fe84e1f14e9f34a35598e",
      "nonce": "0x0"
    },
    "preCall": {
      "eoa": "0xa023ba34fe23ad51d00515a68657e232ab6a1297",
      "executionData": "0x00000000000000000000000000000000000000000000000000000000000000200000000000000000000000000000000000000000000000000000000000000001000000000000000000000000000000000000000000000000000000000000002000000000000000000000000000000000000000000000000000000000000000000000000000000000000000000000000000000000000000000000000000000000000000000000000000000000000000000000000000000000000000000000006000000000000000000000000000000000000000000000000000000000000000e4cebfe3360000000000000000000000000000000000000000000000000000000000000020000000000000000000000000000000000000000000000000000000000000000000000000000000000000000000000000000000000000000000000000000000020000000000000000000000000000000000000000000000000000000000000001000000000000000000000000000000000000000000000000000000000000008000000000000000000000000000000000000000000000000000000000000000200000000000000000000000001409e2aad496505095defaaa2baff67c65168e6500000000000000000000000000000000000000000000000000000000",
      "nonce": "[nonce]",
      "signature": "0x"
    }
  },
  "digests": {
    "auth": "0x05dfe59b7d2cfff40b603aba49e3816359d6f9e30d5b925beac57e716a905ba5",
    "exec": "[digest]"
  },
  "typedData": {
    "domain": {
      "name": "Orchestrator",
      "version": "0.5.3",
      "verifyingContract": "0x700b6a60ce7eaaea56f065753d8dcb9653dbad35"
    },
    "types": {
      "Call": [
        {
          "type": "address",
          "name": "to"
        },
        {
          "type": "uint256",
          "name": "value"
        },
        {
          "type": "bytes",
          "name": "data"
        }
      ],
      "EIP712Domain": [
        {
          "type": "string",
          "name": "name"
        },
        {
          "type": "string",
          "name": "version"
        },
        {
          "type": "address",
          "name": "verifyingContract"
        }
      ],
      "SignedCall": [
        {
          "type": "bool",
          "name": "multichain"
        },
        {
          "type": "address",
          "name": "eoa"
        },
        {
          "type": "Call[]",
          "name": "calls"
        },
        {
          "type": "uint256",
          "name": "nonce"
        }
      ]
    },
    "primaryType": "SignedCall",
    "message": {
      "calls": [
        {
          "data": "0xcebfe3360000000000000000000000000000000000000000000000000000000000000020000000000000000000000000000000000000000000000000000000000000000000000000000000000000000000000000000000000000000000000000000000020000000000000000000000000000000000000000000000000000000000000001000000000000000000000000000000000000000000000000000000000000008000000000000000000000000000000000000000000000000000000000000000200000000000000000000000001409e2aad496505095defaaa2baff67c65168e65",
          "to": "0x0000000000000000000000000000000000000000",
          "value": "0x0"
        }
      ],
      "eoa": "0xa023ba34fe23ad51d00515a68657e232ab6a1297",
      "multichain": true,
      "nonce": "[nonce]"
    }
  },
  "capabilities": {
    "authorizeKeys": [
      {
        "expiry": "0x0",
        "type": "secp256k1",
        "role": "admin",
        "publicKey": "0x0000000000000000000000001409e2aad496505095defaaa2baff67c65168e65",
        "permissions": []
      }
    ]
  }
}
