---
source: src/types/rpc/calls.rs
expression: response_value
---
{
  "capabilities": {
    "assetDiffs": {
      "0x0": [
        [
          "0x0000000000000000000000000000000000000000",
          [
            {
              "address": "0x0000000000000000000000000000000000000000",
              "decimals": 18,
              "direction": "incoming",
              "fiat": {
                "currency": "USD",
                "value": "0"
              },
              "name": "Ethereum",
              "recipients": [
                "0x0000000000000000000000000000000000000000"
              ],
              "symbol": "ETH",
              "type": "native",
              "uri": "https://ethereum.org",
              "value": "0x0"
            }
          ]
        ]
      ],
      "0x1": [
        [
          "0x0000000000000000000000000000000000000000",
          [
            {
              "address": "0x0000000000000000000000000000000000000000",
              "decimals": 18,
              "direction": "incoming",
              "fiat": {
                "currency": "GBP",
                "value": "0"
              },
              "name": "Ethereum",
              "recipients": [
                "0x0000000000000000000000000000000000000000"
              ],
              "symbol": "ETH",
              "type": "native",
              "uri": "https://ethereum.org",
              "value": "0x0"
            }
          ]
        ]
      ]
    },
    "authorizeKeys": [
      {
        "expiry": "0x0",
        "hash": "0x0000000000000000000000000000000000000000000000000000000000000000",
        "permissions": [
          {
            "selector": "0x00000000",
            "to": "0x0000000000000000000000000000000000000000",
            "type": "call"
          },
          {
            "limit": "0x0",
            "period": "minute",
            "token": "0x0000000000000000000000000000000000000000",
            "type": "spend"
          }
        ],
        "publicKey": "0x0000000000000000000000000000000000000000",
        "role": "admin",
        "type": "secp256k1"
      }
    ],
    "feeTotals": {
      "0x0": {
        "currency": "USD",
        "value": "0"
      },
      "0x1": {
        "currency": "GBP",
        "value": "0"
      }
    },
    "revokeKeys": [
      {
        "hash": "0x0000000000000000000000000000000000000000000000000000000000000000"
      }
    ]
  },
  "context": {
    "preCall": {
      "chainId": "0x0",
      "eoa": "0x0000000000000000000000000000000000000000",
      "executionData": "0x",
      "nonce": "0x0",
      "signature": "0x"
    }
  },
  "digest": "0x0000000000000000000000000000000000000000000000000000000000000000",
  "key": {
    "prehash": false,
    "publicKey": "0x0000000000000000000000000000000000000000",
    "type": "secp256k1"
  },
  "signature": "0xb6f20da7b95259dd00d3617be14d243171e09d6821f69a87557778b53d75b4e14c72b2dac47d4af67955a6b7010970a70cd2f5b4e1393dad0c5a9ba66435d8b01c",
  "typedData": {
    "domain": {},
    "message": null,
    "primaryType": "",
    "types": {}
  }
}
